###############################################################################
#
# IAR ELF Linker V7.20.1.7305/W32 for ARM                 09/Jan/2015  21:24:18
# Copyright 2007-2014 IAR Systems AB.
#
#    Output file  =  
#        D:\WORK_MY\ECOISME\SPECTRUM_SENSOR\firmware\ADC_SD\ADC_SD\Projects\EWARM\sd_logger
#        Configuration\Exe\sd_logger Configuration.out
#    Map file     =  
#        D:\WORK_MY\ECOISME\SPECTRUM_SENSOR\firmware\ADC_SD\ADC_SD\Projects\EWARM\sd_logger
#        Configuration/List\sd_logger Configuration.map
#    Command line =  
#        "D:\WORK_MY\ECOISME\SPECTRUM_SENSOR\firmware\ADC_SD\ADC_SD\Projects\EWARM\sd_logger
#        Configuration\Obj\bsp_driver_sd.o"
#        "D:\WORK_MY\ECOISME\SPECTRUM_SENSOR\firmware\ADC_SD\ADC_SD\Projects\EWARM\sd_logger
#        Configuration\Obj\ccsbcs.o"
#        "D:\WORK_MY\ECOISME\SPECTRUM_SENSOR\firmware\ADC_SD\ADC_SD\Projects\EWARM\sd_logger
#        Configuration\Obj\diskio.o"
#        "D:\WORK_MY\ECOISME\SPECTRUM_SENSOR\firmware\ADC_SD\ADC_SD\Projects\EWARM\sd_logger
#        Configuration\Obj\ff.o"
#        "D:\WORK_MY\ECOISME\SPECTRUM_SENSOR\firmware\ADC_SD\ADC_SD\Projects\EWARM\sd_logger
#        Configuration\Obj\ff_gen_drv.o"
#        "D:\WORK_MY\ECOISME\SPECTRUM_SENSOR\firmware\ADC_SD\ADC_SD\Projects\EWARM\sd_logger
#        Configuration\Obj\main.o"
#        "D:\WORK_MY\ECOISME\SPECTRUM_SENSOR\firmware\ADC_SD\ADC_SD\Projects\EWARM\sd_logger
#        Configuration\Obj\sd_diskio.o"
#        "D:\WORK_MY\ECOISME\SPECTRUM_SENSOR\firmware\ADC_SD\ADC_SD\Projects\EWARM\sd_logger
#        Configuration\Obj\startup_stm32f407xx.o"
#        "D:\WORK_MY\ECOISME\SPECTRUM_SENSOR\firmware\ADC_SD\ADC_SD\Projects\EWARM\sd_logger
#        Configuration\Obj\stm32f4xx_hal.o"
#        "D:\WORK_MY\ECOISME\SPECTRUM_SENSOR\firmware\ADC_SD\ADC_SD\Projects\EWARM\sd_logger
#        Configuration\Obj\stm32f4xx_hal_adc.o"
#        "D:\WORK_MY\ECOISME\SPECTRUM_SENSOR\firmware\ADC_SD\ADC_SD\Projects\EWARM\sd_logger
#        Configuration\Obj\stm32f4xx_hal_adc_ex.o"
#        "D:\WORK_MY\ECOISME\SPECTRUM_SENSOR\firmware\ADC_SD\ADC_SD\Projects\EWARM\sd_logger
#        Configuration\Obj\stm32f4xx_hal_cortex.o"
#        "D:\WORK_MY\ECOISME\SPECTRUM_SENSOR\firmware\ADC_SD\ADC_SD\Projects\EWARM\sd_logger
#        Configuration\Obj\stm32f4xx_hal_dma.o"
#        "D:\WORK_MY\ECOISME\SPECTRUM_SENSOR\firmware\ADC_SD\ADC_SD\Projects\EWARM\sd_logger
#        Configuration\Obj\stm32f4xx_hal_dma_ex.o"
#        "D:\WORK_MY\ECOISME\SPECTRUM_SENSOR\firmware\ADC_SD\ADC_SD\Projects\EWARM\sd_logger
#        Configuration\Obj\stm32f4xx_hal_flash.o"
#        "D:\WORK_MY\ECOISME\SPECTRUM_SENSOR\firmware\ADC_SD\ADC_SD\Projects\EWARM\sd_logger
#        Configuration\Obj\stm32f4xx_hal_flash_ex.o"
#        "D:\WORK_MY\ECOISME\SPECTRUM_SENSOR\firmware\ADC_SD\ADC_SD\Projects\EWARM\sd_logger
#        Configuration\Obj\stm32f4xx_hal_flash_ramfunc.o"
#        "D:\WORK_MY\ECOISME\SPECTRUM_SENSOR\firmware\ADC_SD\ADC_SD\Projects\EWARM\sd_logger
#        Configuration\Obj\stm32f4xx_hal_gpio.o"
#        "D:\WORK_MY\ECOISME\SPECTRUM_SENSOR\firmware\ADC_SD\ADC_SD\Projects\EWARM\sd_logger
#        Configuration\Obj\stm32f4xx_hal_msp.o"
#        "D:\WORK_MY\ECOISME\SPECTRUM_SENSOR\firmware\ADC_SD\ADC_SD\Projects\EWARM\sd_logger
#        Configuration\Obj\stm32f4xx_hal_pwr.o"
#        "D:\WORK_MY\ECOISME\SPECTRUM_SENSOR\firmware\ADC_SD\ADC_SD\Projects\EWARM\sd_logger
#        Configuration\Obj\stm32f4xx_hal_pwr_ex.o"
#        "D:\WORK_MY\ECOISME\SPECTRUM_SENSOR\firmware\ADC_SD\ADC_SD\Projects\EWARM\sd_logger
#        Configuration\Obj\stm32f4xx_hal_rcc.o"
#        "D:\WORK_MY\ECOISME\SPECTRUM_SENSOR\firmware\ADC_SD\ADC_SD\Projects\EWARM\sd_logger
#        Configuration\Obj\stm32f4xx_hal_rcc_ex.o"
#        "D:\WORK_MY\ECOISME\SPECTRUM_SENSOR\firmware\ADC_SD\ADC_SD\Projects\EWARM\sd_logger
#        Configuration\Obj\stm32f4xx_hal_sd.o"
#        "D:\WORK_MY\ECOISME\SPECTRUM_SENSOR\firmware\ADC_SD\ADC_SD\Projects\EWARM\sd_logger
#        Configuration\Obj\stm32f4xx_hal_spi.o"
#        "D:\WORK_MY\ECOISME\SPECTRUM_SENSOR\firmware\ADC_SD\ADC_SD\Projects\EWARM\sd_logger
#        Configuration\Obj\stm32f4xx_it.o"
#        "D:\WORK_MY\ECOISME\SPECTRUM_SENSOR\firmware\ADC_SD\ADC_SD\Projects\EWARM\sd_logger
#        Configuration\Obj\stm32f4xx_ll_sdmmc.o"
#        "D:\WORK_MY\ECOISME\SPECTRUM_SENSOR\firmware\ADC_SD\ADC_SD\Projects\EWARM\sd_logger
#        Configuration\Obj\syscall.o"
#        "D:\WORK_MY\ECOISME\SPECTRUM_SENSOR\firmware\ADC_SD\ADC_SD\Projects\EWARM\sd_logger
#        Configuration\Obj\system_stm32f4xx.o" --redirect _Printf=_PrintfFull
#        --redirect _Scanf=_ScanfFull -o
#        "D:\WORK_MY\ECOISME\SPECTRUM_SENSOR\firmware\ADC_SD\ADC_SD\Projects\EWARM\sd_logger
#        Configuration\Exe\sd_logger Configuration.out" --map
#        "D:\WORK_MY\ECOISME\SPECTRUM_SENSOR\firmware\ADC_SD\ADC_SD\Projects\EWARM\sd_logger
#        Configuration/List\sd_logger Configuration.map" --config
#        D:\WORK_MY\ECOISME\SPECTRUM_SENSOR\firmware\ADC_SD\ADC_SD\Projects\EWARM\sd_logger.icf
#        --semihosting --entry __iar_program_start --vfe
#
###############################################################################

*******************************************************************************
*** RUNTIME MODEL ATTRIBUTES
***

CppFlavor       = *
__Heap_Handler  = DLMalloc
__SystemLibrary = DLib


*******************************************************************************
*** PLACEMENT SUMMARY
***

"A1":  place at 0x08000000 { ro section .intvec };
"P1":  place in [from 0x08000000 to 0x080fffff] { ro };
"P2":  place in [from 0x20000000 to 0x2001ffff] { rw, block CSTACK, block HEAP };

  Section            Kind        Address     Size  Object
  -------            ----        -------     ----  ------
"A1":                                       0x188
  .intvec            ro code  0x08000000    0x188  startup_stm32f407xx.o [1]
                            - 0x08000188    0x188

"P1":                                      0x92ac
  .text              ro code  0x08000188   0x3114  ff.o [1]
  .text              ro code  0x0800329c     0x78  diskio.o [1]
  .text              ro code  0x08003314      0x6  ABImemclr.o [5]
  .text              ro code  0x0800331a     0x2e  copy_init3.o [5]
  .text              ro code  0x08003348    0x584  ccsbcs.o [1]
  .text              ro code  0x080038cc     0x66  ABImemset.o [5]
  .text              ro code  0x08003932      0x8  syscall.o [1]
  .text              ro code  0x0800393a     0x22  zero_init3.o [5]
  .text              ro code  0x0800395c   0x1500  dlmalloc.o [3]
  .text              ro code  0x08004e5c      0x6  abort.o [3]
  .text              ro code  0x08004e64     0x2c  xgetmemchunk.o [3]
  .text              ro code  0x08004e90     0x14  exit.o [6]
  .text              ro code  0x08004ea4   0x2220  stm32f4xx_hal_sd.o [1]
  .text              ro code  0x080070c4    0x11c  stm32f4xx_hal_msp.o [1]
  .text              ro code  0x080071e0     0x56  ABImemcpy_unaligned.o [5]
  .text              ro code  0x08007238     0xb4  stm32f4xx_ll_sdmmc.o [1]
  .text              ro code  0x080072ec    0x1e0  stm32f4xx_hal_gpio.o [1]
  .text              ro code  0x080074cc    0xbec  stm32f4xx_hal_dma.o [1]
  .text              ro code  0x080080b8     0x90  stm32f4xx_hal.o [1]
  .text              ro code  0x08008148     0xe2  stm32f4xx_hal_cortex.o [1]
  .text              ro code  0x0800822c    0x510  stm32f4xx_hal_rcc.o [1]
  .text              ro code  0x0800873c    0x4bc  main.o [1]
  .text              ro code  0x08008bf8    0x358  stm32f4xx_hal_adc.o [1]
  .text              ro code  0x08008f50     0x80  stm32f4xx_hal_spi.o [1]
  .text              ro code  0x08008fd0     0x40  ff_gen_drv.o [1]
  .text              ro code  0x08009010     0xd4  sd_diskio.o [1]
  .text              ro code  0x080090e4     0x98  bsp_driver_sd.o [1]
  .text              ro code  0x0800917c     0x4c  system_stm32f4xx.o [1]
  .text              ro code  0x080091c8     0x2c  stm32f4xx_it.o [1]
  .text              ro code  0x080091f4     0x28  data_init.o [5]
  .iar.init_table    const    0x0800921c     0x24  - Linker created -
  .text              ro code  0x08009240     0x1a  fpinit_M.o [4]
  .text              ro code  0x0800925c     0x1a  cmain.o [5]
  .text              ro code  0x08009276      0x4  low_level_init.o [3]
  .text              ro code  0x0800927a      0x4  exit.o [3]
  .text              ro code  0x08009280      0xa  cexit.o [5]
  .text              ro code  0x0800928c     0x10  startup_stm32f407xx.o [1]
  .text              ro code  0x0800929c      0xc  cstartup_M.o [5]
  .text              ro code  0x080092a8      0x4  startup_stm32f407xx.o [1]
  .text              ro code  0x080092ac      0x4  startup_stm32f407xx.o [1]
  .text              ro code  0x080092b0      0x4  startup_stm32f407xx.o [1]
  .text              ro code  0x080092b4      0x4  startup_stm32f407xx.o [1]
  .text              ro code  0x080092b8      0x4  startup_stm32f407xx.o [1]
  .text              ro code  0x080092bc      0x4  startup_stm32f407xx.o [1]
  .text              ro code  0x080092c0      0x4  startup_stm32f407xx.o [1]
  .text              ro code  0x080092c4      0x4  startup_stm32f407xx.o [1]
  .text              ro code  0x080092c8      0x4  startup_stm32f407xx.o [1]
  .text              ro code  0x080092cc      0x4  startup_stm32f407xx.o [1]
  .text              ro code  0x080092d0      0x4  startup_stm32f407xx.o [1]
  .text              ro code  0x080092d4      0x4  startup_stm32f407xx.o [1]
  .text              ro code  0x080092d8      0x4  startup_stm32f407xx.o [1]
  .text              ro code  0x080092dc      0x4  startup_stm32f407xx.o [1]
  .text              ro code  0x080092e0      0x4  startup_stm32f407xx.o [1]
  .text              ro code  0x080092e4      0x4  startup_stm32f407xx.o [1]
  .text              ro code  0x080092e8      0x4  startup_stm32f407xx.o [1]
  .text              ro code  0x080092ec      0x4  startup_stm32f407xx.o [1]
  .text              ro code  0x080092f0      0x4  startup_stm32f407xx.o [1]
  .text              ro code  0x080092f4      0x4  startup_stm32f407xx.o [1]
  .text              ro code  0x080092f8      0x4  startup_stm32f407xx.o [1]
  .text              ro code  0x080092fc      0x4  startup_stm32f407xx.o [1]
  .text              ro code  0x08009300      0x4  startup_stm32f407xx.o [1]
  .text              ro code  0x08009304      0x4  startup_stm32f407xx.o [1]
  .text              ro code  0x08009308      0x4  startup_stm32f407xx.o [1]
  .text              ro code  0x0800930c      0x4  startup_stm32f407xx.o [1]
  .text              ro code  0x08009310      0x4  startup_stm32f407xx.o [1]
  .text              ro code  0x08009314      0x4  startup_stm32f407xx.o [1]
  .text              ro code  0x08009318      0x4  startup_stm32f407xx.o [1]
  .text              ro code  0x0800931c      0x4  startup_stm32f407xx.o [1]
  .text              ro code  0x08009320      0x4  startup_stm32f407xx.o [1]
  .text              ro code  0x08009324      0x4  startup_stm32f407xx.o [1]
  .text              ro code  0x08009328      0x4  startup_stm32f407xx.o [1]
  .text              ro code  0x0800932c      0x4  startup_stm32f407xx.o [1]
  .text              ro code  0x08009330      0x4  startup_stm32f407xx.o [1]
  .text              ro code  0x08009334      0x4  startup_stm32f407xx.o [1]
  .text              ro code  0x08009338      0x4  startup_stm32f407xx.o [1]
  .text              ro code  0x0800933c      0x4  startup_stm32f407xx.o [1]
  .text              ro code  0x08009340      0x4  startup_stm32f407xx.o [1]
  .text              ro code  0x08009344      0x4  startup_stm32f407xx.o [1]
  .text              ro code  0x08009348      0x4  startup_stm32f407xx.o [1]
  .text              ro code  0x0800934c      0x4  startup_stm32f407xx.o [1]
  .text              ro code  0x08009350      0x4  startup_stm32f407xx.o [1]
  .text              ro code  0x08009354      0x4  startup_stm32f407xx.o [1]
  .text              ro code  0x08009358      0x4  startup_stm32f407xx.o [1]
  .text              ro code  0x0800935c      0x4  startup_stm32f407xx.o [1]
  .text              ro code  0x08009360      0x4  startup_stm32f407xx.o [1]
  .text              ro code  0x08009364      0x4  startup_stm32f407xx.o [1]
  .text              ro code  0x08009368      0x4  startup_stm32f407xx.o [1]
  .text              ro code  0x0800936c      0x4  startup_stm32f407xx.o [1]
  .text              ro code  0x08009370      0x4  startup_stm32f407xx.o [1]
  .text              ro code  0x08009374      0x4  startup_stm32f407xx.o [1]
  .text              ro code  0x08009378      0x4  startup_stm32f407xx.o [1]
  .text              ro code  0x0800937c      0x4  startup_stm32f407xx.o [1]
  .text              ro code  0x08009380      0x4  startup_stm32f407xx.o [1]
  .text              ro code  0x08009384      0x4  startup_stm32f407xx.o [1]
  .text              ro code  0x08009388      0x4  startup_stm32f407xx.o [1]
  .text              ro code  0x0800938c      0x4  startup_stm32f407xx.o [1]
  .text              ro code  0x08009390      0x4  startup_stm32f407xx.o [1]
  .text              ro code  0x08009394      0x4  startup_stm32f407xx.o [1]
  .text              ro code  0x08009398      0x4  startup_stm32f407xx.o [1]
  .text              ro code  0x0800939c      0x4  startup_stm32f407xx.o [1]
  .text              ro code  0x080093a0      0x4  startup_stm32f407xx.o [1]
  .text              ro code  0x080093a4      0x4  startup_stm32f407xx.o [1]
  .text              ro code  0x080093a8      0x4  startup_stm32f407xx.o [1]
  .text              ro code  0x080093ac      0x4  startup_stm32f407xx.o [1]
  .text              ro code  0x080093b0      0x4  startup_stm32f407xx.o [1]
  .text              ro code  0x080093b4      0x4  startup_stm32f407xx.o [1]
  .text              ro code  0x080093b8      0x4  startup_stm32f407xx.o [1]
  .text              ro code  0x080093bc      0x4  startup_stm32f407xx.o [1]
  .text              ro code  0x080093c0      0x4  startup_stm32f407xx.o [1]
  .text              ro code  0x080093c4      0x4  startup_stm32f407xx.o [1]
  .text              ro code  0x080093c8      0x4  startup_stm32f407xx.o [1]
  .text              ro code  0x080093cc      0x4  startup_stm32f407xx.o [1]
  .text              ro code  0x080093d0      0x4  startup_stm32f407xx.o [1]
  .text              ro code  0x080093d4      0x4  startup_stm32f407xx.o [1]
  .text              ro code  0x080093d8      0x4  startup_stm32f407xx.o [1]
  .text              ro code  0x080093dc      0x4  startup_stm32f407xx.o [1]
  .text              ro code  0x080093e0      0x4  startup_stm32f407xx.o [1]
  .text              ro code  0x080093e4      0x4  startup_stm32f407xx.o [1]
  .text              ro code  0x080093e8      0x4  startup_stm32f407xx.o [1]
  .text              ro code  0x080093ec      0x4  startup_stm32f407xx.o [1]
  .text              ro code  0x080093f0      0x4  startup_stm32f407xx.o [1]
  .text              ro code  0x080093f4      0x4  startup_stm32f407xx.o [1]
  .text              ro code  0x080093f8      0x4  startup_stm32f407xx.o [1]
  .text              ro code  0x080093fc      0x4  startup_stm32f407xx.o [1]
  .text              ro code  0x08009400      0x4  startup_stm32f407xx.o [1]
  .text              ro code  0x08009404      0x4  startup_stm32f407xx.o [1]
  .rodata            const    0x08009408      0x0  zero_init3.o [5]
  .rodata            const    0x08009408      0x0  copy_init3.o [5]
  Initializer bytes  ro data  0x08009408     0x2c  <for P2 s0>
                            - 0x08009434   0x92ac

"P2":                                     0x15868
  P2 s0                       0x20000000     0x2c  <Init block>
    .data            inited   0x20000000     0x14  sd_diskio.o [1]
    .data            inited   0x20000014     0x14  system_stm32f4xx.o [1]
    .data            inited   0x20000028      0x1  sd_diskio.o [1]
  .bss               zero     0x2000002c  0x10278  main.o [1]
  .bss               zero     0x200102a8   0x1348  main.o [1]
  .bss               zero     0x200115f0    0x1d8  dlmalloc.o [3]
  .bss               zero     0x200117c8     0x50  main.o [1]
  .bss               zero     0x20011818     0x20  ff.o [1]
  .bss               zero     0x20011838     0x18  dlmalloc.o [3]
  .bss               zero     0x20011850      0xc  ff_gen_drv.o [1]
  .bss               zero     0x2001185c      0x4  stm32f4xx_hal.o [1]
  .bss               zero     0x20011860      0x4  xgetmemchunk.o [3]
  CSTACK                      0x20011868   0x2000  <Block>
    CSTACK           uninit   0x20011868   0x2000  <Block tail>
  HEAP                        0x20013868   0x2000  <Block>
    HEAP             uninit   0x20013868   0x2000  <Block tail>
                            - 0x20015868  0x15868


*******************************************************************************
*** INIT TABLE
***

          Address     Size
          -------     ----
Zero (__iar_zero_init3)
    1 destination range, total size 0x11838:
          0x2000002c  0x11838

Copy (__iar_copy_init3)
    1 source range, total size 0x2c (107% of destination):
          0x08009408     0x2c
    1 destination range, total size 0x29:
          0x20000000     0x29



*******************************************************************************
*** MODULE SUMMARY
***

    Module                  ro code  ro data  rw data
    ------                  -------  -------  -------
D:\WORK_MY\ECOISME\SPECTRUM_SENSOR\firmware\ADC_SD\ADC_SD\Projects\EWARM\sd_logger Configuration\Obj: [1]
    bsp_driver_sd.o             152
    ccsbcs.o                  1 412
    diskio.o                    120
    ff.o                     12 564                32
    ff_gen_drv.o                 64                12
    main.o                    1 212            71 184
    sd_diskio.o                 212       21       21
    startup_stm32f407xx.o       760
    stm32f4xx_hal.o             144                 4
    stm32f4xx_hal_adc.o         856
    stm32f4xx_hal_cortex.o      226
    stm32f4xx_hal_dma.o       3 052
    stm32f4xx_hal_gpio.o        480
    stm32f4xx_hal_msp.o         284
    stm32f4xx_hal_rcc.o       1 296
    stm32f4xx_hal_sd.o        8 736
    stm32f4xx_hal_spi.o         128
    stm32f4xx_it.o               44
    stm32f4xx_ll_sdmmc.o        180
    syscall.o                     8
    system_stm32f4xx.o           76       20       20
    -------------------------------------------------
    Total:                   32 006       41   71 273

command line: [2]
    -------------------------------------------------
    Total:

dl7M_tlf.a: [3]
    abort.o                       6
    dlmalloc.o                5 376               496
    exit.o                        4
    low_level_init.o              4
    xgetmemchunk.o               44                 4
    -------------------------------------------------
    Total:                    5 434               500

m7M_tlv.a: [4]
    fpinit_M.o                   26
    -------------------------------------------------
    Total:                       26

rt7M_tl.a: [5]
    ABImemclr.o                   6
    ABImemcpy_unaligned.o        86
    ABImemset.o                 102
    cexit.o                      10
    cmain.o                      26
    copy_init3.o                 46
    cstartup_M.o                 12
    data_init.o                  40
    zero_init3.o                 34
    -------------------------------------------------
    Total:                      362

shb_l.a: [6]
    exit.o                       20
    -------------------------------------------------
    Total:                       20

    Gaps                         12                 4
    Linker created                        39   16 384
-----------------------------------------------------
    Grand Total:             37 860       80   88 161


*******************************************************************************
*** ENTRY LIST
***

Entry                      Address     Size  Type      Object
-----                      -------     ----  ----      ------
?main                   0x0800925d           Code  Gb  cmain.o [5]
ADCConvValues           0x20000078  0x10000  Data  Gb  main.o [1]
ADC_DMAConvCplt         0x08008f05     0x1e  Code  Lc  stm32f4xx_hal_adc.o [1]
ADC_DMAError            0x08008f35     0x1c  Code  Lc  stm32f4xx_hal_adc.o [1]
ADC_DMAHalfConvCplt     0x08008f25      0xe  Code  Lc  stm32f4xx_hal_adc.o [1]
AHBPrescTable           0x20000018     0x10  Data  Gb  system_stm32f4xx.o [1]
APBAHBPrescTable        0x0800872c     0x10  Data  Gb  stm32f4xx_hal_rcc.o [1]
BSP_SD_GetCardInfo      0x0800916d      0x8  Code  Gb  bsp_driver_sd.o [1]
BSP_SD_GetStatus        0x08009167      0x6  Code  Gb  bsp_driver_sd.o [1]
BSP_SD_Init             0x080090e5     0x4a  Code  Gb  bsp_driver_sd.o [1]
BSP_SD_ReadBlocks       0x0800912f     0x1c  Code  Gb  bsp_driver_sd.o [1]
BSP_SD_WriteBlocks      0x0800914b     0x1c  Code  Gb  bsp_driver_sd.o [1]
CSTACK$$Base            0x20011868            --   Gb  - Linker created -
CSTACK$$Limit           0x20013868            --   Gb  - Linker created -
DMA2_Stream0_IRQHandler
                        0x080091db     0x16  Code  Gb  stm32f4xx_it.o [1]
ExCvt                   0x08001764     0x80  Data  Lc  ff.o [1]
FATFS_LinkDriver        0x08008fd1     0x3a  Code  Gb  ff_gen_drv.o [1]
FatFs                   0x20011834      0x4  Data  Lc  ff.o [1]
Files                   0x20011818     0x18  Data  Lc  ff.o [1]
Fsid                    0x20011830      0x2  Data  Lc  ff.o [1]
HAL_ADC_ConfigChannel   0x08008de5    0x118  Code  Gb  stm32f4xx_hal_adc.o [1]
HAL_ADC_ConvCpltCallback
                        0x08008b6d     0x56  Code  Gb  main.o [1]
HAL_ADC_ConvHalfCpltCallback
                        0x08008b35     0x38  Code  Gb  main.o [1]
HAL_ADC_ErrorCallback   0x08008de3      0x2  Code  Wk  stm32f4xx_hal_adc.o [1]
HAL_ADC_Init            0x08008bf9    0x130  Code  Gb  stm32f4xx_hal_adc.o [1]
HAL_ADC_MspInit         0x080070c5     0x6a  Code  Gb  stm32f4xx_hal_msp.o [1]
HAL_ADC_Start_DMA       0x08008d29     0x88  Code  Gb  stm32f4xx_hal_adc.o [1]
HAL_ADC_Stop_DMA        0x08008db1     0x32  Code  Gb  stm32f4xx_hal_adc.o [1]
HAL_DMA_Abort           0x080075c1     0x50  Code  Gb  stm32f4xx_hal_dma.o [1]
HAL_DMA_IRQHandler      0x08007611    0xa60  Code  Gb  stm32f4xx_hal_dma.o [1]
HAL_DMA_Init            0x080074cd     0x6e  Code  Gb  stm32f4xx_hal_dma.o [1]
HAL_DMA_Start_IT        0x08007541     0x80  Code  Gb  stm32f4xx_hal_dma.o [1]
HAL_Delay               0x08008125     0x1c  Code  Wk  stm32f4xx_hal.o [1]
HAL_GPIO_Init           0x080072ed    0x194  Code  Gb  stm32f4xx_hal_gpio.o [1]
HAL_GPIO_ReadPin        0x08007481      0xe  Code  Gb  stm32f4xx_hal_gpio.o [1]
HAL_GPIO_WritePin       0x0800748f      0xa  Code  Gb  stm32f4xx_hal_gpio.o [1]
HAL_GetTick             0x0800811d      0x6  Code  Wk  stm32f4xx_hal.o [1]
HAL_IncTick             0x08008113      0xa  Code  Wk  stm32f4xx_hal.o [1]
HAL_Init                0x080080b9     0x34  Code  Gb  stm32f4xx_hal.o [1]
HAL_InitTick            0x080080ef     0x24  Code  Wk  stm32f4xx_hal.o [1]
HAL_MspInit             0x080080ed      0x2  Code  Wk  stm32f4xx_hal.o [1]
HAL_NVIC_ClearPendingIRQ
                        0x080081ef     0x12  Code  Gb  stm32f4xx_hal_cortex.o [1]
HAL_NVIC_EnableIRQ      0x080081bb     0x12  Code  Gb  stm32f4xx_hal_cortex.o [1]
HAL_NVIC_SetPriority    0x08008163     0x58  Code  Gb  stm32f4xx_hal_cortex.o [1]
HAL_NVIC_SetPriorityGrouping
                        0x08008149     0x1a  Code  Gb  stm32f4xx_hal_cortex.o [1]
HAL_RCC_ClockConfig     0x080084e5    0x1cc  Code  Gb  stm32f4xx_hal_rcc.o [1]
HAL_RCC_GetHCLKFreq     0x080086b1     0x5e  Code  Gb  stm32f4xx_hal_rcc.o [1]
HAL_RCC_OscConfig       0x0800822d    0x2b8  Code  Gb  stm32f4xx_hal_rcc.o [1]
HAL_SD_GetCardStatus    0x08006abd     0x7a  Code  Gb  stm32f4xx_hal_sd.o [1]
HAL_SD_GetStatus        0x080069f1     0xca  Code  Gb  stm32f4xx_hal_sd.o [1]
HAL_SD_Get_CardInfo     0x08005ac9    0x2ba  Code  Gb  stm32f4xx_hal_sd.o [1]
HAL_SD_Init             0x08004ea5    0x194  Code  Gb  stm32f4xx_hal_sd.o [1]
HAL_SD_MspInit          0x0800712f     0x56  Code  Gb  stm32f4xx_hal_msp.o [1]
HAL_SD_ReadBlocks       0x08005039    0x418  Code  Gb  stm32f4xx_hal_sd.o [1]
HAL_SD_SendSDStatus     0x08006659    0x398  Code  Gb  stm32f4xx_hal_sd.o [1]
HAL_SD_WideBusOperation_Config
                        0x08005d83    0x8d2  Code  Gb  stm32f4xx_hal_sd.o [1]
HAL_SD_WriteBlocks      0x08005451    0x674  Code  Gb  stm32f4xx_hal_sd.o [1]
HAL_SPI_Init            0x08008f51     0x80  Code  Gb  stm32f4xx_hal_spi.o [1]
HAL_SPI_MspInit         0x08007185     0x38  Code  Gb  stm32f4xx_hal_msp.o [1]
HAL_SYSTICK_Callback    0x08008229      0x2  Code  Wk  stm32f4xx_hal_cortex.o [1]
HAL_SYSTICK_Config      0x080081cd     0x22  Code  Gb  stm32f4xx_hal_cortex.o [1]
HAL_SYSTICK_IRQHandler  0x0800821d      0xc  Code  Gb  stm32f4xx_hal_cortex.o [1]
HEAP$$Base              0x20013868            --   Gb  - Linker created -
HEAP$$Limit             0x20015868            --   Gb  - Linker created -
LfnOfs                  0x080014e8     0x10  Data  Lc  ff.o [1]
MyFile                  0x20010078    0x22c  Data  Gb  main.o [1]
ReadBuff                0x2001035c   0x1000  Data  Gb  main.o [1]
Region$$Table$$Base     0x0800921c            --   Gb  - Linker created -
Region$$Table$$Limit    0x08009240            --   Gb  - Linker created -
SDCardInfo              0x20011598     0x58  Data  Gb  main.o [1]
SDFatFs                 0x20011368    0x230  Data  Gb  main.o [1]
SDIO_DataConfig         0x080072c1     0x24  Code  Gb  stm32f4xx_ll_sdmmc.o [1]
SDIO_GetCommandResponse
                        0x080072a7      0x6  Code  Gb  stm32f4xx_ll_sdmmc.o [1]
SDIO_GetPowerState      0x08007277      0x8  Code  Gb  stm32f4xx_ll_sdmmc.o [1]
SDIO_GetResponse        0x080072ad     0x14  Code  Gb  stm32f4xx_ll_sdmmc.o [1]
SDIO_Init               0x08007239     0x26  Code  Gb  stm32f4xx_ll_sdmmc.o [1]
SDIO_PowerState_ON      0x0800726f      0x8  Code  Gb  stm32f4xx_ll_sdmmc.o [1]
SDIO_ReadFIFO           0x0800725f      0x6  Code  Gb  stm32f4xx_ll_sdmmc.o [1]
SDIO_SendCommand        0x0800727f     0x28  Code  Gb  stm32f4xx_ll_sdmmc.o [1]
SDIO_WriteFIFO          0x08007265      0xa  Code  Gb  stm32f4xx_ll_sdmmc.o [1]
SD_CmdResp1Error        0x08006fcd     0xec  Code  Lc  stm32f4xx_hal_sd.o [1]
SD_Driver               0x20000000     0x14  Data  Gb  sd_diskio.o [1]
SD_Initialize_Cards     0x08006b37    0x14e  Code  Lc  stm32f4xx_hal_sd.o [1]
SD_Path                 0x20011364      0x4  Data  Gb  main.o [1]
SD_PowerON              0x08006c85    0x348  Code  Lc  stm32f4xx_hal_sd.o [1]
SD_initialize           0x08009011     0x1a  Code  Gb  sd_diskio.o [1]
SD_ioctl                0x08009085     0x5c  Code  Gb  sd_diskio.o [1]
SD_read                 0x08009045     0x20  Code  Gb  sd_diskio.o [1]
SD_status               0x0800902b     0x1a  Code  Gb  sd_diskio.o [1]
SD_write                0x08009065     0x20  Code  Gb  sd_diskio.o [1]
Stat                    0x20000028      0x1  Data  Lc  sd_diskio.o [1]
SysTick_Handler         0x080091c9     0x12  Code  Gb  stm32f4xx_it.o [1]
SystemCoreClock         0x20000014      0x4  Data  Gb  system_stm32f4xx.o [1]
SystemInit              0x0800917d     0x3c  Code  Gb  system_stm32f4xx.o [1]
Tbl                     0x0800340c    0x100  Data  Lc  ccsbcs.o [1]
__aeabi_memclr          0x08003315           Code  Gb  ABImemclr.o [5]
__aeabi_memset          0x080038cd           Code  Gb  ABImemset.o [5]
__as_entries_start      0xffffffff            --   Gb  command line/config [2]
__as_table_start        0xffffffff            --   Gb  command line/config [2]
__cmain                 0x0800925d           Code  Gb  cmain.o [5]
__data_GetMemChunk      0x08004e65     0x2c  Code  Gb  xgetmemchunk.o [3]
__exit                  0x08004e91     0x14  Code  Gb  exit.o [6]
__iar_Memset            0x080038cd           Code  Gb  ABImemset.o [5]
__iar_Memset_word       0x080038d5           Code  Gb  ABImemset.o [5]
__iar_copy_init3        0x0800331b     0x2e  Code  Gb  copy_init3.o [5]
__iar_data_init3        0x080091f5     0x28  Code  Gb  data_init.o [5]
__iar_dlfree            0x08004945    0x510  Code  Gb  dlmalloc.o [3]
__iar_dlmalloc          0x0800468f    0x2aa  Code  Gb  dlmalloc.o [3]
__iar_gm_               0x200115f0    0x1d8  Data  Gb  dlmalloc.o [3]
__iar_init_vfp          0x08009241           Code  Gb  fpinit_M.o [4]
__iar_program_start     0x0800929d           Code  Gb  cstartup_M.o [5]
__iar_unaligned___aeabi_memcpy4
                        0x080071e1           Code  Gb  ABImemcpy_unaligned.o [5]
__iar_unaligned___aeabi_memcpy8
                        0x080071e1           Code  Gb  ABImemcpy_unaligned.o [5]
__iar_zero_init3        0x0800393b     0x22  Code  Gb  zero_init3.o [5]
__low_level_init        0x08009277      0x4  Code  Gb  low_level_init.o [3]
__vector_table          0x08000000           Data  Gb  startup_stm32f407xx.o [1]
_call_main              0x08009269           Code  Gb  cmain.o [5]
_exit                   0x08009281           Code  Gb  cexit.o [5]
_main                   0x08009273           Code  Gb  cmain.o [5]
abort                   0x08004e5d      0x6  Code  Gb  abort.o [3]
bytes_read              0x2001135c      0x4  Data  Gb  main.o [1]
bytes_recorded          0x20000074      0x4  Data  Gb  main.o [1]
check_fs                0x08001927     0x98  Code  Lc  ff.o [1]
chk_lock                0x08000189     0x74  Code  Lc  ff.o [1]
create_chain            0x080008fd    0x228  Code  Lc  ff.o [1]
create_name             0x080014f9    0x25e  Code  Lc  ff.o [1]
dec_lock                0x08000287     0x36  Code  Lc  ff.o [1]
dir_find                0x08000be1    0x2d6  Code  Lc  ff.o [1]
dir_register            0x08000eb9    0x62e  Code  Lc  ff.o [1]
disk                    0x20011850      0xc  Data  Gb  ff_gen_drv.o [1]
disk_initialize         0x0800329d     0x1a  Code  Gb  diskio.o [1]
disk_ioctl              0x080032fb     0x12  Code  Gb  diskio.o [1]
disk_read               0x080032c3     0x1c  Code  Gb  diskio.o [1]
disk_status             0x080032b7      0xc  Code  Gb  diskio.o [1]
disk_write              0x080032df     0x1c  Code  Gb  diskio.o [1]
exit                    0x0800927b      0x4  Code  Gb  exit.o [3]
f_close                 0x08003279     0x24  Code  Gb  ff.o [1]
f_mount                 0x08001ea9    0x474  Code  Gb  ff.o [1]
f_open                  0x0800231d    0x262  Code  Gb  ff.o [1]
f_read                  0x08002591    0x230  Code  Gb  ff.o [1]
f_sync                  0x0800313d    0x13c  Code  Gb  ff.o [1]
f_write                 0x080027c1    0x97a  Code  Gb  ff.o [1]
ff_convert              0x08003349     0x5a  Code  Gb  ccsbcs.o [1]
ff_memalloc             0x08003933      0x4  Code  Gb  syscall.o [1]
ff_memfree              0x08003937      0x4  Code  Gb  syscall.o [1]
ff_wtoupper             0x080033a3     0x6a  Code  Gb  ccsbcs.o [1]
file_writing            0x20000071      0x1  Data  Gb  main.o [1]
find_volume             0x080019c1    0x4aa  Code  Lc  ff.o [1]
follow_path             0x080017ed    0x13a  Code  Lc  ff.o [1]
gen_numname             0x08000b25     0xbc  Code  Gb  ff.o [1]
get_fat                 0x0800043b    0x14c  Code  Gb  ff.o [1]
get_fattime             0x08003311      0x4  Code  Gb  diskio.o [1]
hadc1                   0x2000002c     0x44  Data  Gb  main.o [1]
hdma_adc1               0x200117c8     0x50  Data  Gb  main.o [1]
hsd                     0x200102fc     0x60  Data  Gb  main.o [1]
hspi1                   0x200102a8     0x54  Data  Gb  main.o [1]
inc_lock                0x080001fd     0x8a  Code  Lc  ff.o [1]
init_mparams            0x08003977     0x32  Code  Lc  dlmalloc.o [3]
init_top                0x080039a9     0x34  Code  Lc  dlmalloc.o [3]
main                    0x0800873d    0x3f8  Code  Gb  main.o [1]
mparams                 0x20011838     0x18  Data  Lc  dlmalloc.o [3]
prepend_alloc           0x080039dd    0x36e  Code  Lc  dlmalloc.o [3]
put_fat                 0x08000587    0x18a  Code  Gb  ff.o [1]
remove_chain            0x08000711    0x1e8  Code  Lc  ff.o [1]
segment_holding         0x0800395d     0x1a  Code  Lc  dlmalloc.o [3]
state                   0x20000070      0x1  Data  Gb  main.o [1]
sync_fs                 0x0800031d    0x11e  Code  Lc  ff.o [1]
sync_window             0x080002c1     0x5c  Code  Lc  ff.o [1]
sys_alloc               0x08003d4b    0x38c  Code  Lc  dlmalloc.o [3]
tmalloc_large           0x080040e5    0x39a  Code  Lc  dlmalloc.o [3]
tmalloc_small           0x0800447f    0x210  Code  Lc  dlmalloc.o [3]
uwTick                  0x2001185c      0x4  Data  Lc  stm32f4xx_hal.o [1]
validate                0x08001e6b     0x3c  Code  Lc  ff.o [1]


[1] = D:\WORK_MY\ECOISME\SPECTRUM_SENSOR\firmware\ADC_SD\ADC_SD\Projects\EWARM\sd_logger Configuration\Obj
[2] = command line
[3] = dl7M_tlf.a
[4] = m7M_tlv.a
[5] = rt7M_tl.a
[6] = shb_l.a

  37 860 bytes of readonly  code memory
      80 bytes of readonly  data memory
  88 161 bytes of readwrite data memory

Errors: none
Warnings: none
