###############################################################################
#                                                                             #
# IAR ELF Linker V6.50.3.4676/W32 for ARM               09/Oct/2015  16:38:23 #
# Copyright 2007-2013 IAR Systems AB.                                         #
#                                                                             #
#    Output file  =  D:\REPOSITORY\GIT\SnIpErLoCaToR\stm32\MAIN_BOARD\main_bo #
#                    ard\EWARM\main_board Configuration\Exe\main_board        #
#                    Configuration.out                                        #
#    Map file     =  D:\REPOSITORY\GIT\SnIpErLoCaToR\stm32\MAIN_BOARD\main_bo #
#                    ard\EWARM\main_board Configuration/List\main_board       #
#                    Configuration.map                                        #
#    Command line =  "D:\REPOSITORY\GIT\SnIpErLoCaToR\stm32\MAIN_BOARD\main_b #
#                    oard\EWARM\main_board Configuration\Obj\main.o"          #
#                    "D:\REPOSITORY\GIT\SnIpErLoCaToR\stm32\MAIN_BOARD\main_b #
#                    oard\EWARM\main_board Configuration\Obj\startup_stm32f40 #
#                    7xx.o" "D:\REPOSITORY\GIT\SnIpErLoCaToR\stm32\MAIN_BOARD #
#                    \main_board\EWARM\main_board                             #
#                    Configuration\Obj\stm32f4xx_hal.o"                       #
#                    "D:\REPOSITORY\GIT\SnIpErLoCaToR\stm32\MAIN_BOARD\main_b #
#                    oard\EWARM\main_board Configuration\Obj\stm32f4xx_hal_ad #
#                    c.o" "D:\REPOSITORY\GIT\SnIpErLoCaToR\stm32\MAIN_BOARD\m #
#                    ain_board\EWARM\main_board Configuration\Obj\stm32f4xx_h #
#                    al_adc_ex.o" "D:\REPOSITORY\GIT\SnIpErLoCaToR\stm32\MAIN #
#                    _BOARD\main_board\EWARM\main_board                       #
#                    Configuration\Obj\stm32f4xx_hal_cortex.o"                #
#                    "D:\REPOSITORY\GIT\SnIpErLoCaToR\stm32\MAIN_BOARD\main_b #
#                    oard\EWARM\main_board Configuration\Obj\stm32f4xx_hal_dm #
#                    a.o" "D:\REPOSITORY\GIT\SnIpErLoCaToR\stm32\MAIN_BOARD\m #
#                    ain_board\EWARM\main_board Configuration\Obj\stm32f4xx_h #
#                    al_dma_ex.o" "D:\REPOSITORY\GIT\SnIpErLoCaToR\stm32\MAIN #
#                    _BOARD\main_board\EWARM\main_board                       #
#                    Configuration\Obj\stm32f4xx_hal_flash.o"                 #
#                    "D:\REPOSITORY\GIT\SnIpErLoCaToR\stm32\MAIN_BOARD\main_b #
#                    oard\EWARM\main_board Configuration\Obj\stm32f4xx_hal_fl #
#                    ash_ex.o" "D:\REPOSITORY\GIT\SnIpErLoCaToR\stm32\MAIN_BO #
#                    ARD\main_board\EWARM\main_board                          #
#                    Configuration\Obj\stm32f4xx_hal_flash_ramfunc.o"         #
#                    "D:\REPOSITORY\GIT\SnIpErLoCaToR\stm32\MAIN_BOARD\main_b #
#                    oard\EWARM\main_board Configuration\Obj\stm32f4xx_hal_gp #
#                    io.o" "D:\REPOSITORY\GIT\SnIpErLoCaToR\stm32\MAIN_BOARD\ #
#                    main_board\EWARM\main_board                              #
#                    Configuration\Obj\stm32f4xx_hal_msp.o"                   #
#                    "D:\REPOSITORY\GIT\SnIpErLoCaToR\stm32\MAIN_BOARD\main_b #
#                    oard\EWARM\main_board Configuration\Obj\stm32f4xx_hal_pw #
#                    r.o" "D:\REPOSITORY\GIT\SnIpErLoCaToR\stm32\MAIN_BOARD\m #
#                    ain_board\EWARM\main_board Configuration\Obj\stm32f4xx_h #
#                    al_pwr_ex.o" "D:\REPOSITORY\GIT\SnIpErLoCaToR\stm32\MAIN #
#                    _BOARD\main_board\EWARM\main_board                       #
#                    Configuration\Obj\stm32f4xx_hal_rcc.o"                   #
#                    "D:\REPOSITORY\GIT\SnIpErLoCaToR\stm32\MAIN_BOARD\main_b #
#                    oard\EWARM\main_board Configuration\Obj\stm32f4xx_hal_rc #
#                    c_ex.o" "D:\REPOSITORY\GIT\SnIpErLoCaToR\stm32\MAIN_BOAR #
#                    D\main_board\EWARM\main_board                            #
#                    Configuration\Obj\stm32f4xx_hal_spi.o"                   #
#                    "D:\REPOSITORY\GIT\SnIpErLoCaToR\stm32\MAIN_BOARD\main_b #
#                    oard\EWARM\main_board Configuration\Obj\stm32f4xx_hal_ti #
#                    m.o" "D:\REPOSITORY\GIT\SnIpErLoCaToR\stm32\MAIN_BOARD\m #
#                    ain_board\EWARM\main_board Configuration\Obj\stm32f4xx_h #
#                    al_tim_ex.o" "D:\REPOSITORY\GIT\SnIpErLoCaToR\stm32\MAIN #
#                    _BOARD\main_board\EWARM\main_board                       #
#                    Configuration\Obj\stm32f4xx_it.o"                        #
#                    "D:\REPOSITORY\GIT\SnIpErLoCaToR\stm32\MAIN_BOARD\main_b #
#                    oard\EWARM\main_board Configuration\Obj\system_stm32f4xx #
#                    .o" --redirect _Printf=_PrintfFull --redirect            #
#                    _Scanf=_ScanfFull -o "D:\REPOSITORY\GIT\SnIpErLoCaToR\st #
#                    m32\MAIN_BOARD\main_board\EWARM\main_board               #
#                    Configuration\Exe\main_board Configuration.out" --map    #
#                    "D:\REPOSITORY\GIT\SnIpErLoCaToR\stm32\MAIN_BOARD\main_b #
#                    oard\EWARM\main_board Configuration/List\main_board      #
#                    Configuration.map" --config                              #
#                    D:\REPOSITORY\GIT\SnIpErLoCaToR\stm32\MAIN_BOARD\main_bo #
#                    ard\EWARM\stm32f407xx_flash.icf --semihosting --entry    #
#                    __iar_program_start --vfe                                #
#                                                                             #
#                                                                             #
###############################################################################

*******************************************************************************
*** RUNTIME MODEL ATTRIBUTES
***

CppFlavor       = *
__SystemLibrary = DLib


*******************************************************************************
*** PLACEMENT SUMMARY
***

"A1":  place at 0x08000000 { ro section .intvec };
"P1":  place in [from 0x08000000 to 0x080fffff] { ro };
"P2":  place in [from 0x20000000 to 0x2001ffff] { rw, block CSTACK, block HEAP };

  Section            Kind        Address    Size  Object
  -------            ----        -------    ----  ------
"A1":                                      0x188
  .intvec            ro code  0x08000000   0x188  startup_stm32f407xx.o [1]
                            - 0x08000188   0x188

"P1":                                     0x5550
  .text              ro code  0x08000188  0x286c  stm32f4xx_hal_dma.o [1]
  .text              ro code  0x080029f4   0xa6c  main.o [1]
  .text              ro code  0x08003460   0x264  stm32f4xx_hal_gpio.o [1]
  .text              ro code  0x080036c4   0x346  stm32f4xx_hal_spi.o [1]
  .text              ro code  0x08003a0a    0x22  zero_init3.o [5]
  .text              ro code  0x08003a2c   0x778  stm32f4xx_hal_tim.o [1]
  .text              ro code  0x080041a4    0x78  stm32f4xx_hal.o [1]
  .text              ro code  0x0800421c   0x5cc  stm32f4xx_hal_adc.o [1]
  .text              ro code  0x080047e8   0x720  stm32f4xx_hal_rcc.o [1]
  .text              ro code  0x08004f08   0x16a  stm32f4xx_hal_cortex.o [1]
  .text              ro code  0x08005074    0x5e  stm32f4xx_hal_tim_ex.o [1]
  .text              ro code  0x080050d4   0x29c  stm32f4xx_hal_msp.o [1]
  .text              ro code  0x08005370     0x2  stm32f4xx_hal_adc_ex.o [1]
  .text              ro code  0x08005374    0x84  stm32f4xx_it.o [1]
  .text              ro code  0x080053f8    0x6c  system_stm32f4xx.o [1]
  .text              ro code  0x08005464    0x2c  copy_init3.o [5]
  .text              ro code  0x08005490    0x28  data_init.o [5]
  .text              ro code  0x080054b8    0x22  fpinit_M.o [4]
  .iar.init_table    const    0x080054dc    0x24  - Linker created -
  .text              ro code  0x08005500    0x1a  cmain.o [5]
  .text              ro code  0x0800551a     0x4  low_level_init.o [3]
  .text              ro code  0x0800551e     0x4  exit.o [3]
  .text              ro code  0x08005524     0xa  cexit.o [5]
  .text              ro code  0x08005530    0x14  exit.o [6]
  .rodata            const    0x08005544    0x10  stm32f4xx_hal_rcc.o [1]
  .text              ro code  0x08005554    0x10  startup_stm32f407xx.o [1]
  .text              ro code  0x08005564     0xc  cstartup_M.o [5]
  .text              ro code  0x08005570     0x4  startup_stm32f407xx.o [1]
  .text              ro code  0x08005574     0x4  startup_stm32f407xx.o [1]
  .text              ro code  0x08005578     0x4  startup_stm32f407xx.o [1]
  .text              ro code  0x0800557c     0x4  startup_stm32f407xx.o [1]
  .text              ro code  0x08005580     0x4  startup_stm32f407xx.o [1]
  .text              ro code  0x08005584     0x4  startup_stm32f407xx.o [1]
  .text              ro code  0x08005588     0x4  startup_stm32f407xx.o [1]
  .text              ro code  0x0800558c     0x4  startup_stm32f407xx.o [1]
  .text              ro code  0x08005590     0x4  startup_stm32f407xx.o [1]
  .text              ro code  0x08005594     0x4  startup_stm32f407xx.o [1]
  .text              ro code  0x08005598     0x4  startup_stm32f407xx.o [1]
  .text              ro code  0x0800559c     0x4  startup_stm32f407xx.o [1]
  .text              ro code  0x080055a0     0x4  startup_stm32f407xx.o [1]
  .text              ro code  0x080055a4     0x4  startup_stm32f407xx.o [1]
  .text              ro code  0x080055a8     0x4  startup_stm32f407xx.o [1]
  .text              ro code  0x080055ac     0x4  startup_stm32f407xx.o [1]
  .text              ro code  0x080055b0     0x4  startup_stm32f407xx.o [1]
  .text              ro code  0x080055b4     0x4  startup_stm32f407xx.o [1]
  .text              ro code  0x080055b8     0x4  startup_stm32f407xx.o [1]
  .text              ro code  0x080055bc     0x4  startup_stm32f407xx.o [1]
  .text              ro code  0x080055c0     0x4  startup_stm32f407xx.o [1]
  .text              ro code  0x080055c4     0x4  startup_stm32f407xx.o [1]
  .text              ro code  0x080055c8     0x4  startup_stm32f407xx.o [1]
  .text              ro code  0x080055cc     0x4  startup_stm32f407xx.o [1]
  .text              ro code  0x080055d0     0x4  startup_stm32f407xx.o [1]
  .text              ro code  0x080055d4     0x4  startup_stm32f407xx.o [1]
  .text              ro code  0x080055d8     0x4  startup_stm32f407xx.o [1]
  .text              ro code  0x080055dc     0x4  startup_stm32f407xx.o [1]
  .text              ro code  0x080055e0     0x4  startup_stm32f407xx.o [1]
  .text              ro code  0x080055e4     0x4  startup_stm32f407xx.o [1]
  .text              ro code  0x080055e8     0x4  startup_stm32f407xx.o [1]
  .text              ro code  0x080055ec     0x4  startup_stm32f407xx.o [1]
  .text              ro code  0x080055f0     0x4  startup_stm32f407xx.o [1]
  .text              ro code  0x080055f4     0x4  startup_stm32f407xx.o [1]
  .text              ro code  0x080055f8     0x4  startup_stm32f407xx.o [1]
  .text              ro code  0x080055fc     0x4  startup_stm32f407xx.o [1]
  .text              ro code  0x08005600     0x4  startup_stm32f407xx.o [1]
  .text              ro code  0x08005604     0x4  startup_stm32f407xx.o [1]
  .text              ro code  0x08005608     0x4  startup_stm32f407xx.o [1]
  .text              ro code  0x0800560c     0x4  startup_stm32f407xx.o [1]
  .text              ro code  0x08005610     0x4  startup_stm32f407xx.o [1]
  .text              ro code  0x08005614     0x4  startup_stm32f407xx.o [1]
  .text              ro code  0x08005618     0x4  startup_stm32f407xx.o [1]
  .text              ro code  0x0800561c     0x4  startup_stm32f407xx.o [1]
  .text              ro code  0x08005620     0x4  startup_stm32f407xx.o [1]
  .text              ro code  0x08005624     0x4  startup_stm32f407xx.o [1]
  .text              ro code  0x08005628     0x4  startup_stm32f407xx.o [1]
  .text              ro code  0x0800562c     0x4  startup_stm32f407xx.o [1]
  .text              ro code  0x08005630     0x4  startup_stm32f407xx.o [1]
  .text              ro code  0x08005634     0x4  startup_stm32f407xx.o [1]
  .text              ro code  0x08005638     0x4  startup_stm32f407xx.o [1]
  .text              ro code  0x0800563c     0x4  startup_stm32f407xx.o [1]
  .text              ro code  0x08005640     0x4  startup_stm32f407xx.o [1]
  .text              ro code  0x08005644     0x4  startup_stm32f407xx.o [1]
  .text              ro code  0x08005648     0x4  startup_stm32f407xx.o [1]
  .text              ro code  0x0800564c     0x4  startup_stm32f407xx.o [1]
  .text              ro code  0x08005650     0x4  startup_stm32f407xx.o [1]
  .text              ro code  0x08005654     0x4  startup_stm32f407xx.o [1]
  .text              ro code  0x08005658     0x4  startup_stm32f407xx.o [1]
  .text              ro code  0x0800565c     0x4  startup_stm32f407xx.o [1]
  .text              ro code  0x08005660     0x4  startup_stm32f407xx.o [1]
  .text              ro code  0x08005664     0x4  startup_stm32f407xx.o [1]
  .text              ro code  0x08005668     0x4  startup_stm32f407xx.o [1]
  .text              ro code  0x0800566c     0x4  startup_stm32f407xx.o [1]
  .text              ro code  0x08005670     0x4  startup_stm32f407xx.o [1]
  .text              ro code  0x08005674     0x4  startup_stm32f407xx.o [1]
  .text              ro code  0x08005678     0x4  startup_stm32f407xx.o [1]
  .text              ro code  0x0800567c     0x4  startup_stm32f407xx.o [1]
  .text              ro code  0x08005680     0x4  startup_stm32f407xx.o [1]
  .text              ro code  0x08005684     0x4  startup_stm32f407xx.o [1]
  .text              ro code  0x08005688     0x4  startup_stm32f407xx.o [1]
  .text              ro code  0x0800568c     0x4  startup_stm32f407xx.o [1]
  .text              ro code  0x08005690     0x4  startup_stm32f407xx.o [1]
  .text              ro code  0x08005694     0x4  startup_stm32f407xx.o [1]
  .text              ro code  0x08005698     0x4  startup_stm32f407xx.o [1]
  .text              ro code  0x0800569c     0x4  startup_stm32f407xx.o [1]
  .text              ro code  0x080056a0     0x4  startup_stm32f407xx.o [1]
  .text              ro code  0x080056a4     0x4  startup_stm32f407xx.o [1]
  .text              ro code  0x080056a8     0x4  startup_stm32f407xx.o [1]
  .text              ro code  0x080056ac     0x4  startup_stm32f407xx.o [1]
  .text              ro code  0x080056b0     0x4  startup_stm32f407xx.o [1]
  .rodata            const    0x080056b4     0x0  zero_init3.o [5]
  .rodata            const    0x080056b4     0x0  copy_init3.o [5]
  Initializer bytes  ro data  0x080056b4    0x24  <for P2 s0>
                            - 0x080056d8  0x5550

"P2", part 1 of 3:                          0x24
  P2 s0                       0x20000000    0x24  <Init block>
    .data            inited   0x20000000    0x18  main.o [1]
    .data            inited   0x20000018     0x4  main.o [1]
    .data            inited   0x2000001c     0x4  system_stm32f4xx.o [1]
    .data            inited   0x20000020     0x1  main.o [1]
    .data            inited   0x20000021     0x1  main.o [1]
    .data            inited   0x20000022     0x1  main.o [1]
                            - 0x20000024    0x24

"P2", part 2 of 3:                         0x23c
  .bss               zero     0x20000024    0x58  main.o [1]
  .bss               zero     0x2000007c    0x50  main.o [1]
  .bss               zero     0x200000cc    0x44  main.o [1]
  .bss               zero     0x20000110    0x44  main.o [1]
  .bss               zero     0x20000154    0x3c  main.o [1]
  .bss               zero     0x20000190    0x3c  main.o [1]
  .bss               zero     0x200001cc    0x3c  main.o [1]
  .bss               zero     0x20000208    0x3c  main.o [1]
  .bss               zero     0x20000244     0x4  main.o [1]
  .bss               zero     0x20000248     0x4  main.o [1]
  .bss               zero     0x2000024c     0x4  main.o [1]
  .bss               zero     0x20000250     0x4  stm32f4xx_hal.o [1]
  .bss               zero     0x20000254     0x2  main.o [1]
  .bss               zero     0x20000256     0x2  main.o [1]
  .bss               zero     0x20000258     0x1  main.o [1]
  .bss               zero     0x20000259     0x1  main.o [1]
  .bss               zero     0x2000025a     0x1  main.o [1]
  .bss               zero     0x2000025b     0x1  main.o [1]
  .bss               zero     0x2000025c     0x1  main.o [1]
  .bss               zero     0x2000025d     0x1  main.o [1]
                            - 0x2000025e   0x23a

"P2", part 3 of 3:                         0x400
  CSTACK                      0x20000260   0x400  <Block>
    CSTACK           uninit   0x20000260   0x400  <Block tail>
                            - 0x20000660   0x400


*******************************************************************************
*** INIT TABLE
***

          Address     Size
          -------     ----
Zero (__iar_zero_init3)
    1 destination range, total size 0x23a:
          0x20000024  0x23a

Copy (__iar_copy_init3)
    1 source range, total size 0x24 (102% of destination):
          0x080056b4   0x24
    1 destination range, total size 0x23:
          0x20000000   0x23



*******************************************************************************
*** MODULE SUMMARY
***

    Module                  ro code  ro data  rw data
    ------                  -------  -------  -------
D:\REPOSITORY\GIT\SnIpErLoCaToR\stm32\MAIN_BOARD\main_board\EWARM\main_board Configuration\Obj: [1]
    main.o                    2 668       31      597
    startup_stm32f407xx.o       732
    stm32f4xx_hal.o             120                 4
    stm32f4xx_hal_adc.o       1 484
    stm32f4xx_hal_adc_ex.o        2
    stm32f4xx_hal_cortex.o      362
    stm32f4xx_hal_dma.o      10 348
    stm32f4xx_hal_gpio.o        612
    stm32f4xx_hal_msp.o         668
    stm32f4xx_hal_rcc.o       1 824       16
    stm32f4xx_hal_spi.o         838
    stm32f4xx_hal_tim.o       1 912
    stm32f4xx_hal_tim_ex.o       94
    stm32f4xx_it.o              132
    system_stm32f4xx.o          108        4        4
    -------------------------------------------------
    Total:                   21 904       51      605

command line: [2]
    -------------------------------------------------
    Total:

dl7M_tlf.a: [3]
    exit.o                        4
    low_level_init.o              4
    -------------------------------------------------
    Total:                        8

m7M_tlv.a: [4]
    fpinit_M.o                   34
    -------------------------------------------------
    Total:                       34

rt7M_tl.a: [5]
    cexit.o                      10
    cmain.o                      26
    copy_init3.o                 44
    cstartup_M.o                 12
    data_init.o                  40
    zero_init3.o                 34
    -------------------------------------------------
    Total:                      166

shb_l.a: [6]
    exit.o                       20
    -------------------------------------------------
    Total:                       20

    Gaps                         10        2
    Linker created                        37    1 024
-----------------------------------------------------
    Grand Total:             22 142       90    1 629


*******************************************************************************
*** ENTRY LIST
***

Entry                      Address    Size  Type      Object
-----                      -------    ----  ----      ------
?main                   0x08005501          Code  Gb  cmain.o [5]
ADC_IRQHandler          0x08005381    0x10  Code  Gb  stm32f4xx_it.o [1]
ADC_Init                0x08004671   0x164  Code  Lc  stm32f4xx_hal_adc.o [1]
APBAHBPrescTable        0x08005544    0x10  Data  Gb  stm32f4xx_hal_rcc.o [1]
BusFault_Handler        0x0800557d          Code  Wk  startup_stm32f407xx.o [1]
CAN1_RX0_IRQHandler     0x080055dd          Code  Wk  startup_stm32f407xx.o [1]
CAN1_RX1_IRQHandler     0x080055e1          Code  Wk  startup_stm32f407xx.o [1]
CAN1_SCE_IRQHandler     0x080055e5          Code  Wk  startup_stm32f407xx.o [1]
CAN1_TX_IRQHandler      0x080055d9          Code  Wk  startup_stm32f407xx.o [1]
CAN2_RX0_IRQHandler     0x08005671          Code  Wk  startup_stm32f407xx.o [1]
CAN2_RX1_IRQHandler     0x08005675          Code  Wk  startup_stm32f407xx.o [1]
CAN2_SCE_IRQHandler     0x08005679          Code  Wk  startup_stm32f407xx.o [1]
CAN2_TX_IRQHandler      0x0800566d          Code  Wk  startup_stm32f407xx.o [1]
CSTACK$$Base            0x20000260           --   Gb  - Linker created -
CSTACK$$Limit           0x20000660           --   Gb  - Linker created -
DCMI_IRQHandler         0x080056a9          Code  Wk  startup_stm32f407xx.o [1]
DMA1_Stream0_IRQHandler
                        0x080055bd          Code  Wk  startup_stm32f407xx.o [1]
DMA1_Stream1_IRQHandler
                        0x080055c1          Code  Wk  startup_stm32f407xx.o [1]
DMA1_Stream2_IRQHandler
                        0x080055c5          Code  Wk  startup_stm32f407xx.o [1]
DMA1_Stream3_IRQHandler
                        0x080055c9          Code  Wk  startup_stm32f407xx.o [1]
DMA1_Stream4_IRQHandler
                        0x080055cd          Code  Wk  startup_stm32f407xx.o [1]
DMA1_Stream5_IRQHandler
                        0x080055d1          Code  Wk  startup_stm32f407xx.o [1]
DMA1_Stream6_IRQHandler
                        0x080055d5          Code  Wk  startup_stm32f407xx.o [1]
DMA1_Stream7_IRQHandler
                        0x08005639          Code  Wk  startup_stm32f407xx.o [1]
DMA2_Stream0_IRQHandler
                        0x080053d1     0xa  Code  Gb  stm32f4xx_it.o [1]
DMA2_Stream1_IRQHandler
                        0x08005655          Code  Wk  startup_stm32f407xx.o [1]
DMA2_Stream2_IRQHandler
                        0x08005659          Code  Wk  startup_stm32f407xx.o [1]
DMA2_Stream3_IRQHandler
                        0x0800565d          Code  Wk  startup_stm32f407xx.o [1]
DMA2_Stream4_IRQHandler
                        0x08005661          Code  Wk  startup_stm32f407xx.o [1]
DMA2_Stream5_IRQHandler
                        0x08005681          Code  Wk  startup_stm32f407xx.o [1]
DMA2_Stream6_IRQHandler
                        0x08005685          Code  Wk  startup_stm32f407xx.o [1]
DMA2_Stream7_IRQHandler
                        0x08005689          Code  Wk  startup_stm32f407xx.o [1]
DebugMon_Handler        0x08005589          Code  Wk  startup_stm32f407xx.o [1]
ETH_IRQHandler          0x08005665          Code  Wk  startup_stm32f407xx.o [1]
ETH_WKUP_IRQHandler     0x08005669          Code  Wk  startup_stm32f407xx.o [1]
EXTI0_IRQHandler        0x080055a9          Code  Wk  startup_stm32f407xx.o [1]
EXTI15_10_IRQHandler    0x0800539d     0xc  Code  Gb  stm32f4xx_it.o [1]
EXTI1_IRQHandler        0x080055ad          Code  Wk  startup_stm32f407xx.o [1]
EXTI2_IRQHandler        0x080055b1          Code  Wk  startup_stm32f407xx.o [1]
EXTI3_IRQHandler        0x080055b5          Code  Wk  startup_stm32f407xx.o [1]
EXTI4_IRQHandler        0x080055b9          Code  Wk  startup_stm32f407xx.o [1]
EXTI9_5_IRQHandler      0x08005391     0xc  Code  Gb  stm32f4xx_it.o [1]
FLASH_IRQHandler        0x080055a1          Code  Wk  startup_stm32f407xx.o [1]
FPU_IRQHandler          0x080056b1          Code  Wk  startup_stm32f407xx.o [1]
FSMC_IRQHandler         0x0800563d          Code  Wk  startup_stm32f407xx.o [1]
HAL_ADCEx_InjectedConvCpltCallback
                        0x08005371     0x2  Code  Wk  stm32f4xx_hal_adc_ex.o [1]
HAL_ADC_ConfigChannel   0x080044ed   0x184  Code  Gb  stm32f4xx_hal_adc.o [1]
HAL_ADC_ConvCpltCallback
                        0x080033b1    0x1c  Code  Gb  main.o [1]
HAL_ADC_ErrorCallback   0x080044eb     0x2  Code  Wk  stm32f4xx_hal_adc.o [1]
HAL_ADC_GetValue        0x080044e3     0x6  Code  Gb  stm32f4xx_hal_adc.o [1]
HAL_ADC_IRQHandler      0x08004337   0x1ac  Code  Gb  stm32f4xx_hal_adc.o [1]
HAL_ADC_Init            0x0800421d    0x48  Code  Gb  stm32f4xx_hal_adc.o [1]
HAL_ADC_LevelOutOfWindowCallback
                        0x080044e9     0x2  Code  Wk  stm32f4xx_hal_adc.o [1]
HAL_ADC_MspInit         0x080050eb    0xf6  Code  Gb  stm32f4xx_hal_msp.o [1]
HAL_ADC_Start_IT        0x08004265    0xd2  Code  Gb  stm32f4xx_hal_adc.o [1]
HAL_DMA_IRQHandler      0x08000209  0x2798  Code  Gb  stm32f4xx_hal_dma.o [1]
HAL_DMA_Init            0x08000189    0x7c  Code  Gb  stm32f4xx_hal_dma.o [1]
HAL_GPIO_EXTI_Callback  0x08003325    0x8c  Code  Gb  main.o [1]
HAL_GPIO_EXTI_IRQHandler
                        0x08003667    0x1e  Code  Gb  stm32f4xx_hal_gpio.o [1]
HAL_GPIO_Init           0x08003461   0x1f2  Code  Gb  stm32f4xx_hal_gpio.o [1]
HAL_GPIO_WritePin       0x08003653    0x14  Code  Gb  stm32f4xx_hal_gpio.o [1]
HAL_GetTick             0x0800420f     0x6  Code  Wk  stm32f4xx_hal.o [1]
HAL_IncTick             0x08004203     0xc  Code  Wk  stm32f4xx_hal.o [1]
HAL_Init                0x080041a5    0x3a  Code  Gb  stm32f4xx_hal.o [1]
HAL_InitTick            0x080041df    0x24  Code  Wk  stm32f4xx_hal.o [1]
HAL_MspInit             0x080050d5    0x16  Code  Gb  stm32f4xx_hal_msp.o [1]
HAL_NVIC_EnableIRQ      0x0800500b     0xe  Code  Gb  stm32f4xx_hal_cortex.o [1]
HAL_NVIC_SetPriority    0x08004fe5    0x26  Code  Gb  stm32f4xx_hal_cortex.o [1]
HAL_NVIC_SetPriorityGrouping
                        0x08004fd9     0xc  Code  Gb  stm32f4xx_hal_cortex.o [1]
HAL_RCC_ClockConfig     0x08004b73   0x284  Code  Gb  stm32f4xx_hal_rcc.o [1]
HAL_RCC_GetHCLKFreq     0x08004e9b    0x28  Code  Gb  stm32f4xx_hal_rcc.o [1]
HAL_RCC_GetSysClockFreq
                        0x08004df7    0xa4  Code  Wk  stm32f4xx_hal_rcc.o [1]
HAL_RCC_OscConfig       0x080047e9   0x38a  Code  Wk  stm32f4xx_hal_rcc.o [1]
HAL_SPI_Init            0x080036c5    0x8c  Code  Gb  stm32f4xx_hal_spi.o [1]
HAL_SPI_MspInit         0x080051e1    0x64  Code  Gb  stm32f4xx_hal_msp.o [1]
HAL_SPI_Transmit        0x08003751   0x1c8  Code  Gb  stm32f4xx_hal_spi.o [1]
HAL_SYSTICK_CLKSourceConfig
                        0x08005025    0x20  Code  Gb  stm32f4xx_hal_cortex.o [1]
HAL_SYSTICK_Callback    0x08005071     0x2  Code  Wk  stm32f4xx_hal_cortex.o [1]
HAL_SYSTICK_Config      0x08005019     0xc  Code  Gb  stm32f4xx_hal_cortex.o [1]
HAL_SYSTICK_IRQHandler  0x08005069     0x8  Code  Gb  stm32f4xx_hal_cortex.o [1]
HAL_TIMEx_BreakCallback
                        0x080050d1     0x2  Code  Wk  stm32f4xx_hal_tim_ex.o [1]
HAL_TIMEx_CommutationCallback
                        0x080050cf     0x2  Code  Wk  stm32f4xx_hal_tim_ex.o [1]
HAL_TIMEx_MasterConfigSynchronization
                        0x08005075    0x5a  Code  Gb  stm32f4xx_hal_tim_ex.o [1]
HAL_TIM_Base_Init       0x08003a2d    0x38  Code  Gb  stm32f4xx_hal_tim.o [1]
HAL_TIM_Base_MspInit    0x08005245    0x9a  Code  Gb  stm32f4xx_hal_msp.o [1]
HAL_TIM_Base_Start_IT   0x08003a65    0x1e  Code  Gb  stm32f4xx_hal_tim.o [1]
HAL_TIM_IC_CaptureCallback
                        0x08003ea1     0x2  Code  Wk  stm32f4xx_hal_tim.o [1]
HAL_TIM_IRQHandler      0x08003c29   0x176  Code  Gb  stm32f4xx_hal_tim.o [1]
HAL_TIM_OC_DelayElapsedCallback
                        0x08003e9f     0x2  Code  Wk  stm32f4xx_hal_tim.o [1]
HAL_TIM_PWM_ConfigChannel
                        0x08003d9f   0x100  Code  Gb  stm32f4xx_hal_tim.o [1]
HAL_TIM_PWM_Init        0x08003a83    0x38  Code  Gb  stm32f4xx_hal_tim.o [1]
HAL_TIM_PWM_MspInit     0x080052df    0x58  Code  Gb  stm32f4xx_hal_msp.o [1]
HAL_TIM_PWM_PulseFinishedCallback
                        0x08003ea3     0x2  Code  Wk  stm32f4xx_hal_tim.o [1]
HAL_TIM_PWM_Start       0x08003abb    0x4c  Code  Gb  stm32f4xx_hal_tim.o [1]
HAL_TIM_PWM_Start_IT    0x08003b89    0x98  Code  Gb  stm32f4xx_hal_tim.o [1]
HAL_TIM_PWM_Stop        0x08003b07    0x82  Code  Gb  stm32f4xx_hal_tim.o [1]
HAL_TIM_PeriodElapsedCallback
                        0x08003201   0x124  Code  Gb  main.o [1]
HAL_TIM_TriggerCallback
                        0x08003ea5     0x2  Code  Wk  stm32f4xx_hal_tim.o [1]
HASH_RNG_IRQHandler     0x080056ad          Code  Wk  startup_stm32f407xx.o [1]
HardFault_Handler       0x08005575          Code  Wk  startup_stm32f407xx.o [1]
I2C1_ER_IRQHandler      0x08005609          Code  Wk  startup_stm32f407xx.o [1]
I2C1_EV_IRQHandler      0x08005605          Code  Wk  startup_stm32f407xx.o [1]
I2C2_ER_IRQHandler      0x08005611          Code  Wk  startup_stm32f407xx.o [1]
I2C2_EV_IRQHandler      0x0800560d          Code  Wk  startup_stm32f407xx.o [1]
I2C3_ER_IRQHandler      0x08005695          Code  Wk  startup_stm32f407xx.o [1]
I2C3_EV_IRQHandler      0x08005691          Code  Wk  startup_stm32f407xx.o [1]
MX_ADC1_Init            0x08002dd9    0xa6  Code  Lc  main.o [1]
MX_ADC2_Init            0x08002e7f    0x82  Code  Lc  main.o [1]
MX_DMA_Init             0x0800309f    0x34  Code  Lc  main.o [1]
MX_GPIO_Init            0x080030d3   0x12e  Code  Lc  main.o [1]
MX_SPI3_Init            0x08002f01    0x72  Code  Lc  main.o [1]
MX_TIM12_Init           0x08002ffd    0x6a  Code  Lc  main.o [1]
MX_TIM13_Init           0x08003067    0x38  Code  Lc  main.o [1]
MX_TIM6_Init            0x08002f73    0x44  Code  Lc  main.o [1]
MX_TIM7_Init            0x08002fb7    0x46  Code  Lc  main.o [1]
MemManage_Handler       0x08005579          Code  Wk  startup_stm32f407xx.o [1]
NMI_Handler             0x08005571          Code  Wk  startup_stm32f407xx.o [1]
NVIC_EnableIRQ          0x08004f31    0x18  Code  Lc  stm32f4xx_hal_cortex.o [1]
NVIC_EncodePriority     0x08004f6b    0x3e  Code  Lc  stm32f4xx_hal_cortex.o [1]
NVIC_GetPriorityGrouping
                        0x08004f27     0xa  Code  Lc  stm32f4xx_hal_cortex.o [1]
NVIC_SetPriority        0x08004f49    0x22  Code  Lc  stm32f4xx_hal_cortex.o [1]
NVIC_SetPriorityGrouping
                        0x08004f09    0x1e  Code  Lc  stm32f4xx_hal_cortex.o [1]
OTG_FS_IRQHandler       0x0800567d          Code  Wk  startup_stm32f407xx.o [1]
OTG_FS_WKUP_IRQHandler  0x0800562d          Code  Wk  startup_stm32f407xx.o [1]
OTG_HS_EP1_IN_IRQHandler
                        0x0800569d          Code  Wk  startup_stm32f407xx.o [1]
OTG_HS_EP1_OUT_IRQHandler
                        0x08005699          Code  Wk  startup_stm32f407xx.o [1]
OTG_HS_IRQHandler       0x080056a5          Code  Wk  startup_stm32f407xx.o [1]
OTG_HS_WKUP_IRQHandler  0x080056a1          Code  Wk  startup_stm32f407xx.o [1]
PVD_IRQHandler          0x08005595          Code  Wk  startup_stm32f407xx.o [1]
PendSV_Handler          0x0800558d          Code  Wk  startup_stm32f407xx.o [1]
RCC_IRQHandler          0x080055a5          Code  Wk  startup_stm32f407xx.o [1]
RTC_Alarm_IRQHandler    0x08005629          Code  Wk  startup_stm32f407xx.o [1]
RTC_WKUP_IRQHandler     0x0800559d          Code  Wk  startup_stm32f407xx.o [1]
Region$$Table$$Base     0x080054dc           --   Gb  - Linker created -
Region$$Table$$Limit    0x08005500           --   Gb  - Linker created -
Reset_Handler           0x08005555          Code  Wk  startup_stm32f407xx.o [1]
SDIO_IRQHandler         0x08005641          Code  Wk  startup_stm32f407xx.o [1]
SPI1_IRQHandler         0x08005615          Code  Wk  startup_stm32f407xx.o [1]
SPI2_IRQHandler         0x08005619          Code  Wk  startup_stm32f407xx.o [1]
SPI3_IRQHandler         0x08005649          Code  Wk  startup_stm32f407xx.o [1]
SPI_WaitOnFlagUntilTimeout
                        0x08003919    0xf2  Code  Lc  stm32f4xx_hal_spi.o [1]
SVC_Handler             0x08005585          Code  Wk  startup_stm32f407xx.o [1]
SysTick_Config          0x08004fa9    0x30  Code  Lc  stm32f4xx_hal_cortex.o [1]
SysTick_Handler         0x08005375     0xc  Code  Gb  stm32f4xx_it.o [1]
SystemClock_Config      0x08002d35    0xa4  Code  Gb  main.o [1]
SystemCoreClock         0x2000001c     0x4  Data  Gb  system_stm32f4xx.o [1]
SystemInit              0x080053f9    0x4c  Code  Gb  system_stm32f4xx.o [1]
TAMP_STAMP_IRQHandler   0x08005599          Code  Wk  startup_stm32f407xx.o [1]
TIM1_BRK_TIM9_IRQHandler
                        0x080055e9          Code  Wk  startup_stm32f407xx.o [1]
TIM1_CC_IRQHandler      0x080055f5          Code  Wk  startup_stm32f407xx.o [1]
TIM1_TRG_COM_TIM11_IRQHandler
                        0x080055f1          Code  Wk  startup_stm32f407xx.o [1]
TIM1_UP_TIM10_IRQHandler
                        0x080055ed          Code  Wk  startup_stm32f407xx.o [1]
TIM2_IRQHandler         0x080055f9          Code  Wk  startup_stm32f407xx.o [1]
TIM3_IRQHandler         0x080055fd          Code  Wk  startup_stm32f407xx.o [1]
TIM4_IRQHandler         0x08005601          Code  Wk  startup_stm32f407xx.o [1]
TIM5_IRQHandler         0x08005645          Code  Wk  startup_stm32f407xx.o [1]
TIM6_DAC_IRQHandler     0x080053bd     0xa  Code  Gb  stm32f4xx_it.o [1]
TIM7_IRQHandler         0x080053c7     0xa  Code  Gb  stm32f4xx_it.o [1]
TIM8_BRK_TIM12_IRQHandler
                        0x080053a9     0xa  Code  Gb  stm32f4xx_it.o [1]
TIM8_CC_IRQHandler      0x08005635          Code  Wk  startup_stm32f407xx.o [1]
TIM8_TRG_COM_TIM14_IRQHandler
                        0x08005631          Code  Wk  startup_stm32f407xx.o [1]
TIM8_UP_TIM13_IRQHandler
                        0x080053b3     0xa  Code  Gb  stm32f4xx_it.o [1]
TIM_Base_SetConfig      0x08003ea7    0xe6  Code  Gb  stm32f4xx_hal_tim.o [1]
TIM_CCxChannelCmd       0x0800400b    0x1e  Code  Gb  stm32f4xx_hal_tim.o [1]
TIM_OC1_SetConfig       0x08004029    0x72  Code  Lc  stm32f4xx_hal_tim.o [1]
TIM_OC2_SetConfig       0x08003f8d    0x7c  Code  Gb  stm32f4xx_hal_tim.o [1]
TIM_OC3_SetConfig       0x0800409b    0x7a  Code  Lc  stm32f4xx_hal_tim.o [1]
TIM_OC4_SetConfig       0x08004115    0x64  Code  Lc  stm32f4xx_hal_tim.o [1]
UART4_IRQHandler        0x0800564d          Code  Wk  startup_stm32f407xx.o [1]
UART5_IRQHandler        0x08005651          Code  Wk  startup_stm32f407xx.o [1]
USART1_IRQHandler       0x0800561d          Code  Wk  startup_stm32f407xx.o [1]
USART2_IRQHandler       0x08005621          Code  Wk  startup_stm32f407xx.o [1]
USART3_IRQHandler       0x08005625          Code  Wk  startup_stm32f407xx.o [1]
USART6_IRQHandler       0x0800568d          Code  Wk  startup_stm32f407xx.o [1]
UsageFault_Handler      0x08005581          Code  Wk  startup_stm32f407xx.o [1]
WWDG_IRQHandler         0x08005591          Code  Wk  startup_stm32f407xx.o [1]
__cmain                 0x08005501          Code  Gb  cmain.o [5]
__exit                  0x08005531    0x14  Code  Gb  exit.o [6]
__iar_copy_init3        0x08005465    0x2c  Code  Gb  copy_init3.o [5]
__iar_data_init3        0x08005491    0x28  Code  Gb  data_init.o [5]
__iar_init_vfp          0x080054b9          Code  Gb  fpinit_M.o [4]
__iar_program_start     0x08005565          Code  Gb  cstartup_M.o [5]
__iar_zero_init3        0x08003a0b    0x22  Code  Gb  zero_init3.o [5]
__low_level_init        0x0800551b     0x4  Code  Gb  low_level_init.o [3]
__vector_table          0x08000000          Data  Gb  startup_stm32f407xx.o [1]
_call_main              0x0800550d          Code  Gb  cmain.o [5]
_exit                   0x08005525          Code  Gb  cexit.o [5]
_main                   0x08005517          Code  Gb  cmain.o [5]
angle                   0x20000254     0x2  Data  Gb  main.o [1]
angle_to_indicator      0x08002b99   0x122  Code  Gb  main.o [1]
buzzer                  0x08002b05    0x34  Code  Gb  main.o [1]
buzzer_done             0x20000258     0x1  Data  Gb  main.o [1]
buzzer_state            0x20000022     0x1  Data  Gb  main.o [1]
digits                  0x20000000    0x18  Data  Gb  main.o [1]
digits_k                0x20000018     0x4  Data  Gb  main.o [1]
exit                    0x0800551f     0x4  Code  Gb  exit.o [3]
flag_zerro              0x2000024c     0x4  Data  Gb  main.o [1]
hadc1                   0x200000cc    0x44  Data  Gb  main.o [1]
hadc2                   0x20000110    0x44  Data  Gb  main.o [1]
hdma_adc1               0x2000007c    0x50  Data  Gb  main.o [1]
hour                    0x2000025b     0x1  Data  Gb  main.o [1]
hour_to_led             0x08002b39    0x60  Code  Gb  main.o [1]
hspi3                   0x20000024    0x58  Data  Gb  main.o [1]
htim12                  0x200001cc    0x3c  Data  Gb  main.o [1]
htim13                  0x20000208    0x3c  Data  Gb  main.o [1]
htim6                   0x20000154    0x3c  Data  Gb  main.o [1]
htim7                   0x20000190    0x3c  Data  Gb  main.o [1]
main                    0x08002cbb    0x7a  Code  Gb  main.o [1]
make_digits             0x08002ae7    0x1e  Code  Gb  main.o [1]
make_digits_reset       0x08002ac9    0x1e  Code  Gb  main.o [1]
mute_state              0x20000021     0x1  Data  Gb  main.o [1]
old_angle               0x20000256     0x2  Data  Gb  main.o [1]
pData                   0x20000244     0x4  Data  Gb  main.o [1]
pow_digit               0x08002a17    0x16  Code  Gb  main.o [1]
reset                   0x2000025d     0x1  Data  Gb  main.o [1]
reset_led               0x080029f5    0x22  Code  Gb  main.o [1]
send_Data               0x08002a7d    0x4c  Code  Gb  main.o [1]
sensivity_light         0x20000020     0x1  Data  Gb  main.o [1]
shift                   0x2000025c     0x1  Data  Gb  main.o [1]
shift_katode            0x08002a2d    0x50  Code  Gb  main.o [1]
tim                     0x20000248     0x4  Data  Gb  main.o [1]
timer_buzzer            0x20000259     0x1  Data  Gb  main.o [1]
timer_flag              0x2000025a     0x1  Data  Gb  main.o [1]
uwTick                  0x20000250     0x4  Data  Lc  stm32f4xx_hal.o [1]


[1] = D:\REPOSITORY\GIT\SnIpErLoCaToR\stm32\MAIN_BOARD\main_board\EWARM\main_board Configuration\Obj
[2] = command line
[3] = dl7M_tlf.a
[4] = m7M_tlv.a
[5] = rt7M_tl.a
[6] = shb_l.a

  22 142 bytes of readonly  code memory
      90 bytes of readonly  data memory
   1 629 bytes of readwrite data memory

Errors: none
Warnings: none
